// Vitest Snapshot v1, https://vitest.dev/guide/snapshot.html

exports[`post list item snapshots > post list item from /notes/ (note variant, with excerpt) 1`] = `"<article class="mb4 pb4 bb b--black-10"> <h2 class="f3 lh-title mb2"> <a class="link dim theme-text" href="/notes/testing-the-notes-collection/">Testing the Notes Collection</a> </h2> <p class="f6 theme-midtone mt0 mb3"> <time datetime="[DATE]">April 12, 2026</time> </p> <ul class="list pl0 ma0 mb3 flex flex-wrap"> <li class="mr2 mb2"> <a class="link dim f6 theme-midtone ba b--black-20 br-pill ph2 pv1" href="/tags/eleventy/"> #eleventy </a> </li> <li class="mr2 mb2"> <a class="link dim f6 theme-midtone ba b--black-20 br-pill ph2 pv1" href="/tags/workflow/"> #workflow </a> </li> </ul> </article>"`;

exports[`post list item snapshots > post list item from home page (post variant, with excerpt) 1`] = `"<article class="mb4 pb4 bb b--black-10"> <h2 class="f3 lh-title mb2"> <a class="link dim theme-text" href="/posts/threaded-timeline-entries/">I Built My Own Thread in Subspace Builder</a> </h2> <p class="f6 theme-midtone mt0 mb3"> <time datetime="[DATE]">April 16, 2026</time> </p> <ul class="list pl0 ma0 mb3 flex flex-wrap"> <li class="mr2 mb2"> <a class="link dim f6 theme-midtone ba b--black-20 br-pill ph2 pv1" href="/tags/eleventy/"> #eleventy </a> </li> <li class="mr2 mb2"> <a class="link dim f6 theme-midtone ba b--black-20 br-pill ph2 pv1" href="/tags/workflow/"> #workflow </a> </li> </ul> </article>"`;
