// Vitest Snapshot v1, https://vitest.dev/guide/snapshot.html

exports[`timeline entry snapshots > renders entry with a "children" follow-up badge (no parent) 1`] = `"<article class="timeline-entry" data-type="shipped"> <div class="timeline-dot" aria-hidden="true"></div> <div class="timeline-body-wrap"> <div class="timeline-topline"> <span class="timeline-handle">Nicholas Clooney</span> <time class="timeline-timestamp" datetime="2026-04-14T15:42">April 14, 2026 · 15:42</time> </div> <h2 class="timeline-title"><a href="/timeline/[DATE]-shipped-timeline/">feature: Shipped the timeline page</a></h2> <div class="timeline-footer"> <div class="timeline-relationships"> <a class="timeline-relationship" href="/timeline/[DATE]-shipped-timeline/#timeline-children"> <span>1 follow-up</span> </a> </div> </div> </div> </article>"`;

exports[`timeline entry snapshots > renders entry with a "continues from" parent badge 1`] = `"<article class="timeline-entry" data-type="shipped"> <div class="timeline-dot" aria-hidden="true"></div> <div class="timeline-body-wrap"> <div class="timeline-topline"> <span class="timeline-handle">Nicholas Clooney</span> <time class="timeline-timestamp" datetime="2026-04-16T10:30">April 16, 2026 · 10:30</time> </div> <h2 class="timeline-title"><a href="/timeline/[DATE]-published-relational-timeline-entry/">feature: Published the first threaded timeline update</a></h2> <div class="timeline-footer"> <div class="timeline-relationships"> <a class="timeline-relationship" href="/timeline/[DATE]-published-relational-timeline-entry/"> <span class="timeline-relationship__label">Continues from</span> <span>feature: Shipped the timeline page</span> </a> </div> </div> </div> </article>"`;
